Plate1A1
Plate1A10
Plate1A11
Plate1A12
Plate1A2
Plate1A3
Plate1A4
Plate1A5
Plate1A6
Plate1A7
Plate1A8
Plate1B1
Plate1B10
Plate1B11
Plate1B12
Plate1B2
Plate1B3
Plate1B4
Plate1B5
Plate1B6
Plate1B7
Plate1B8
Plate1B9
Plate1C1
Plate1C10
Plate1C11
Plate1C12
Plate1C2
Plate1C3
Plate1C4
Plate1C5
Plate1C6
Plate1C7
Plate1C8
Plate1C9
Plate1D1
Plate1D10
Plate1D11
Plate1D12
Plate1D2
Plate1D3
Plate1D4
Plate1D5
Plate1D6
Plate1D7
Plate1D8
Plate1E1
Plate1E10
Plate1E11
Plate1E12
Plate1E2
Plate1E3
Plate1E4
Plate1E5
Plate1E6
Plate1E7
Plate1E8
Plate1E9
Plate1F1
Plate1F10
Plate1F11
Plate1F12
Plate1F2
Plate1F3
Plate1F4
Plate1F5
Plate1F6
Plate1F7
Plate1F8
Plate1F9
Plate1G1
Plate1G10
Plate1G11
Plate1G12
Plate1G2
Plate1G3
Plate1G4
Plate1G5
Plate1G6
Plate1G7
Plate1G8
Plate1G9
Plate1H1
Plate1H10
Plate1H11
Plate1H12
Plate1H2
Plate1H3
Plate1H4
Plate1H5
Plate1H6
Plate1H7
Plate1H8
Plate1H9
Plate2A1
Plate2A10
Plate2A11
Plate2A12
Plate2A2
Plate2A3
Plate2A4
Plate2A5
Plate2A6
Plate2A7
Plate2A8
Plate2A9
Plate2B1
Plate2B10
Plate2B11
Plate2B12
Plate2B2
Plate2B3
Plate2B4
Plate2B5
Plate2B6
Plate2B7
Plate2B8
Plate2B9
Plate2C1
Plate2C10
Plate2C11
Plate2C12
Plate2C2
Plate2C3
Plate2C4
Plate2C5
Plate2C6
Plate2C7
Plate2C8
Plate2C9
Plate2D1
Plate2D10
Plate2D11
Plate2D12
Plate2D2
Plate2D3
Plate2D4
Plate2D5
Plate2D6
Plate2D7
Plate2D8
Plate2D9
Plate2E1
Plate2E10
Plate2E11
Plate2E12
Plate2E2
Plate2E3
Plate2E4
Plate2E5
Plate2E6
Plate2E7
Plate2E8
Plate2E9
Plate2F1
Plate2F10
Plate2F2
Plate2F3
Plate2F4
Plate2F5
Plate2F6
Plate2F7
Plate2F8
Plate2F9
Plate2G1
Plate2G10
Plate2G2
Plate2G3
Plate2G4
Plate2G5
Plate2G6
Plate2G7
Plate2G8
Plate2G9
Plate2H1
Plate2H10
Plate2H2
Plate2H3
Plate2H4
Plate2H5
Plate2H6
Plate2H7
Plate2H8
Plate2H9
Plate3A1
Plate3A10
Plate3A11
Plate3A12
Plate3A2
Plate3A3
Plate3A4
Plate3A5
Plate3A6
Plate3A7
Plate3A8
Plate3A9
Plate3B1
Plate3B10
Plate3B11
Plate3B12
Plate3B2
Plate3B3
Plate3B4
Plate3B5
Plate3B6
Plate3B7
Plate3B8
Plate3B9
Plate3C1
Plate3C10
Plate3C11
Plate3C12
Plate3C2
Plate3C3
Plate3C4
Plate3C5
Plate3C6
Plate3C7
Plate3C8
Plate3C9
Plate3D1
Plate3D10
Plate3D11
Plate3D12
Plate3D2
Plate3D3
Plate3D4
Plate3D5
Plate3D6
Plate3D7
Plate3D8
Plate3D9
Plate3E1
Plate3E10
Plate3E11
Plate3E12
Plate3E2
Plate3E3
Plate3E4
Plate3E5
Plate3E6
Plate3E7
Plate3E8
Plate3E9
Plate3F1
Plate3F10
Plate3F11
Plate3F12
Plate3F2
Plate3F3
Plate3F4
Plate3F5
Plate3F6
Plate3F7
Plate3F8
Plate3F9
Plate3G1
Plate3G10
Plate3G11
Plate3G12
Plate3G2
Plate3G3
Plate3G4
Plate3G5
Plate3G6
Plate3G7
Plate3G8
Plate3G9
Plate3H1
Plate3H10
Plate3H11
Plate3H12
Plate3H2
Plate3H3
Plate3H4
Plate3H5
Plate3H6
Plate3H7
Plate3H8
Plate3H9
Plate4A1
Plate4A2
Plate4A3
Plate4A4
Plate4A5
Plate4A6
Plate4A7
Plate4B1
Plate4B2
Plate4B3
Plate4B4
Plate4B5
Plate4B6
Plate4B7
Plate4C1
Plate4C2
Plate4C3
Plate4C4
Plate4C5
Plate4C6
Plate4D1
Plate4D2
Plate4D3
Plate4D4
Plate4D5
Plate4D6
Plate4E1
Plate4E2
Plate4E3
Plate4E4
Plate4E5
Plate4E6
Plate4F1
Plate4F2
Plate4F3
Plate4F4
Plate4F5
Plate4F6
Plate4G1
Plate4G2
Plate4G3
Plate4G4
Plate4G5
Plate4G6
Plate4H1
Plate4H2
Plate4H3
Plate4H4
Plate4H5
Plate4H6
